// Jest Snapshot v1, https://goo.gl/fbAQLP

exports[`run screenshots test for each component Nav Component renders correctly 1`] = `
<nav
  className="d-flex rows"
>
  <h1>
    Math Magicians
  </h1>
  <ul
    className="d-flex"
  >
    <li>
      <a
        href="/home"
        onClick={[Function]}
      >
        Home
      </a>
    </li>
    <li>
      <a
        href="/calculator"
        onClick={[Function]}
      >
        Calculator
      </a>
    </li>
    <li>
      <a
        href="/quote"
        onClick={[Function]}
      >
        Quote
      </a>
    </li>
  </ul>
</nav>
`;

exports[`run screenshots test for each component Routes Work correctly 1`] = `
<section
  className="article"
>
  <h1>
    Welcome to our Page
  </h1>
  <p>
    Lorem ipsum dolor sit, amet consectetur adipisicing elit. Praesentium officia fugit cupiditate itaque autem obcaecati, mollitia quis ab soluta, odit in illum rerum nisi nulla adipisci incidunt assumenda? Iure, qui?
  </p>
  <p>
    Lorem ipsum dolor sit, amet consectetur adipisicing elit. Praesentium officia fugit cupiditate itaque autem obcaecati, mollitia quis ab soluta, odit in illum rerum nisi nulla adipisci incidunt assumenda? Iure, qui?
  </p>
</section>
`;
